Token: UNTIL	Line: 1	Column: 1	Value: null
Token: TEXT	Line: 1	Column: 7	Value: null
Token: ID	Line: 1	Column: 12	Value: filecontents
Token: READ	Line: 1	Column: 25	Value: null
Token: INPUT	Line: 1	Column: 28	Value: null
Token: STRING	Line: 1	Column: 34	Value: "Enter file: "
Token: SEMICOL	Line: 1	Column: 48	Value: null
Token: OPCURLY	Line: 2	Column: 1	Value: null
Token: PRINT	Line: 3	Column: 3	Value: null
Token: STRING	Line: 3	Column: 9	Value: "Invalid file"
Token: SEMICOL	Line: 3	Column: 23	Value: null
Token: CLCURLY	Line: 4	Column: 1	Value: null
Token: PRINT	Line: 6	Column: 1	Value: null
Token: ID	Line: 6	Column: 7	Value: filecontents
Token: SEMICOL	Line: 6	Column: 19	Value: null
