Token: TEXT	Line: 1	Column: 1	Value: null
Token: ID	Line: 1	Column: 6	Value: file1data
Token: READ	Line: 1	Column: 16	Value: null
Token: ID	Line: 1	Column: 19	Value: args
Token: OPSQUARE	Line: 1	Column: 23	Value: null
Token: NUM	Line: 1	Column: 24	Value: 0
Token: CLSQUARE	Line: 1	Column: 25	Value: null
Token: SEMICOL	Line: 1	Column: 26	Value: null
Token: TEXT	Line: 2	Column: 1	Value: null
Token: ID	Line: 2	Column: 6	Value: file2data
Token: READ	Line: 2	Column: 16	Value: null
Token: ID	Line: 2	Column: 19	Value: args
Token: OPSQUARE	Line: 2	Column: 23	Value: null
Token: NUM	Line: 2	Column: 24	Value: 1
Token: CLSQUARE	Line: 2	Column: 25	Value: null
Token: SEMICOL	Line: 2	Column: 26	Value: null
Token: IF	Line: 3	Column: 1	Value: null
Token: OPPAREN	Line: 3	Column: 4	Value: null
Token: ID	Line: 3	Column: 5	Value: file1data
Token: EQUALS	Line: 3	Column: 15	Value: null
Token: ID	Line: 3	Column: 18	Value: file2data
Token: CLPAREN	Line: 3	Column: 27	Value: null
Token: OPCURLY	Line: 4	Column: 1	Value: null
Token: PRINT	Line: 5	Column: 3	Value: null
Token: STRING	Line: 5	Column: 9	Value: "A match!"
Token: SEMICOL	Line: 5	Column: 19	Value: null
Token: CLCURLY	Line: 6	Column: 1	Value: null
Token: ELSE	Line: 7	Column: 1	Value: null
Token: OPCURLY	Line: 8	Column: 1	Value: null
Token: PRINT	Line: 9	Column: 3	Value: null
Token: STRING	Line: 9	Column: 9	Value: "Different!"
Token: SEMICOL	Line: 9	Column: 21	Value: null
Token: CLCURLY	Line: 10	Column: 1	Value: null
