Token: NUMTYPE	Line: 1	Column: 1	Value: null
Token: ID	Line: 1	Column: 5	Value: two
Token: ASSIGN	Line: 1	Column: 9	Value: null
Token: NUM	Line: 1	Column: 11	Value: 2
Token: SEMICOL	Line: 1	Column: 12	Value: null
