Token: TEXT	Line: 1	Column: 1	Value: null
Token: ID	Line: 1	Column: 6	Value: contents
Token: READ	Line: 1	Column: 15	Value: null
Token: ID	Line: 1	Column: 18	Value: args
Token: OPSQUARE	Line: 1	Column: 22	Value: null
Token: NUM	Line: 1	Column: 23	Value: 0
Token: CLSQUARE	Line: 1	Column: 24	Value: null
Token: SEMICOL	Line: 1	Column: 25	Value: null
Token: ID	Line: 2	Column: 1	Value: replaceAll
Token: OPPAREN	Line: 2	Column: 11	Value: null
Token: ID	Line: 2	Column: 12	Value: contents
Token: COMMA	Line: 2	Column: 20	Value: null
Token: STRING	Line: 2	Column: 22	Value: "teh"
Token: COMMA	Line: 2	Column: 27	Value: null
Token: STRING	Line: 2	Column: 29	Value: "the"
Token: CLPAREN	Line: 2	Column: 34	Value: null
Token: SEMICOL	Line: 2	Column: 35	Value: null
Token: ID	Line: 3	Column: 1	Value: contents
Token: WRITE	Line: 3	Column: 10	Value: null
Token: ID	Line: 3	Column: 13	Value: args
Token: OPSQUARE	Line: 3	Column: 17	Value: null
Token: NUM	Line: 3	Column: 18	Value: 0
Token: CLSQUARE	Line: 3	Column: 19	Value: null
Token: SEMICOL	Line: 3	Column: 20	Value: null
