Expr parsed as NUM!
Stmt parsed as exp!
Expr parsed as NUM!
Stmt parsed as exp!
Expr parsed as NUM!
Stmt parsed as exp!
Empty stmt list parsed!
Stmt list parsed!
Stmt list parsed!
Stmt list parsed!
Program parsed correctly!
Ignoring invalid parse tree for printing...
