Expr parsed as NUM!
Expr parsed as NUM!
Expr parsed as plus!
Stmt parsed as exp!
Empty stmt list parsed!
Stmt list parsed!
Program parsed correctly!
Ignoring invalid parse tree for printing...
